main.c:127:5:main	160	static
main.c:234:6:SystemClock_Config	184	static
main.c:306:13:MX_ADC1_Init	32	static
main.c:378:13:MX_TIM2_Init	64	static
main.c:436:13:MX_TIM7_Init	24	static
main.c:474:13:MX_USART2_UART_Init	8	static
main.c:507:13:MX_DMA_Init	16	static
main.c:525:13:MX_GPIO_Init	40	static
main.c:563:6:HAL_ADC_ConvCpltCallback	16	static
main.c:570:7:CalculateSensorOutside	24	static
main.c:579:7:CalculateSensorOutside2nd	24	static
main.c:586:7:CalculateSensorInside	24	static
main.c:599:6:Error_Handler	4	static,ignoring_inline_asm
