main.c:150:5:main	168	static
main.c:309:6:SystemClock_Config	184	static
main.c:381:13:MX_ADC1_Init	32	static
main.c:453:13:MX_TIM2_Init	64	static
main.c:511:13:MX_TIM7_Init	24	static
main.c:549:13:MX_USART2_UART_Init	8	static
main.c:582:13:MX_DMA_Init	16	static
main.c:600:13:MX_GPIO_Init	40	static
main.c:638:6:HAL_ADC_ConvCpltCallback	16	static
main.c:645:7:CalculateSensorOutside	24	static
main.c:654:7:CalculateSensorOutside2nd	24	static
main.c:661:7:CalculateSensorInside	24	static
main.c:668:6:RestartRGBTimer	16	static
main.c:681:6:ChangeColor	24	static
main.c:689:6:IncreaseRGBTimer	16	static
main.c:698:6:UpdateRGBState	24	static
main.c:713:6:HAL_TIM_PeriodElapsedCallback	16	static
main.c:730:6:Error_Handler	4	static,ignoring_inline_asm
