01:53:02 **** Incremental Build of configuration Debug for project Assignment3V3 ****
make -j8 all 
arm-none-eabi-gcc "../Core/Src/main.c" -mcpu=cortex-m4 -std=gnu11 -g3 -DDEBUG -DUSE_HAL_DRIVER -DSTM32L432xx -c -I../Core/Inc -I../Drivers/STM32L4xx_HAL_Driver/Inc -I../Drivers/STM32L4xx_HAL_Driver/Inc/Legacy -I../Drivers/CMSIS/Device/ST/STM32L4xx/Include -I../Drivers/CMSIS/Include -O0 -ffunction-sections -fdata-sections -Wall -fstack-usage -MMD -MP -MF"Core/Src/main.d" -MT"Core/Src/main.o"  -mfpu=fpv4-sp-d16 -mfloat-abi=hard -mthumb -o "Core/Src/main.o"
../Core/Src/main.c: In function 'main':
../Core/Src/main.c:232:29: warning: passing argument 2 of 'HAL_ADC_Start_DMA' from incompatible pointer type [-Wincompatible-pointer-types]
  232 |   HAL_ADC_Start_DMA(&hadc1, myVar, 3);
      |                             ^~~~~
      |                             |
      |                             volatile uint16_t * {aka volatile short unsigned int *}
In file included from ../Core/Inc/stm32l4xx_hal_conf.h:277,
                 from ../Drivers/STM32L4xx_HAL_Driver/Inc/stm32l4xx_hal.h:30,
                 from ../Core/Inc/main.h:31,
                 from ../Core/Src/main.c:21:
../Drivers/STM32L4xx_HAL_Driver/Inc/stm32l4xx_hal_adc.h:1753:78: note: expected 'uint32_t *' {aka 'long unsigned int *'} but argument is of type 'volatile uint16_t *' {aka 'volatile short unsigned int *'}
 1753 | HAL_StatusTypeDef       HAL_ADC_Start_DMA(ADC_HandleTypeDef *hadc, uint32_t *pData, uint32_t Length);
      |                                                                    ~~~~~~~~~~^~~~~
arm-none-eabi-gcc -o "Assignment3V3.elf" @"objects.list"   -mcpu=cortex-m4 -T"C:\Users\yodav\Documents\Conestoga_College\FIRST_TERM\Embedded_Programming\Assignments\Assignment3\Stm32-TemperatureSensor\Assignment3V3\STM32L432KCUX_FLASH.ld" --specs=nosys.specs -Wl,-Map="Assignment3V3.map" -Wl,--gc-sections -static  -mfpu=fpv4-sp-d16 -mfloat-abi=hard -mthumb -Wl,--start-group -lc -lm -Wl,--end-group
Finished building target: Assignment3V3.elf
 
arm-none-eabi-objdump -h -S  Assignment3V3.elf  > "Assignment3V3.list"
arm-none-eabi-objcopy  -O binary  Assignment3V3.elf  "Assignment3V3.bin"
arm-none-eabi-size   Assignment3V3.elf 
   text	   data	    bss	    dec	    hex	filename
  53488	   2548	   2136	  58172	   e33c	Assignment3V3.elf
Finished building: default.size.stdout
Finished building: Assignment3V3.bin
 
 
Finished building: Assignment3V3.list
 
01:54:46 **** Incremental Build of configuration Debug for project Assignment3V3 ****
make -j8 all 
arm-none-eabi-gcc "../Core/Src/main.c" -mcpu=cortex-m4 -std=gnu11 -g3 -DDEBUG -DUSE_HAL_DRIVER -DSTM32L432xx -c -I../Core/Inc -I../Drivers/STM32L4xx_HAL_Driver/Inc -I../Drivers/STM32L4xx_HAL_Driver/Inc/Legacy -I../Drivers/CMSIS/Device/ST/STM32L4xx/Include -I../Drivers/CMSIS/Include -O0 -ffunction-sections -fdata-sections -Wall -fstack-usage -MMD -MP -MF"Core/Src/main.d" -MT"Core/Src/main.o"  -mfpu=fpv4-sp-d16 -mfloat-abi=hard -mthumb -o "Core/Src/main.o"
../Core/Src/main.c: In function 'main':
../Core/Src/main.c:232:29: warning: passing argument 2 of 'HAL_ADC_Start_DMA' from incompatible pointer type [-Wincompatible-pointer-types]
  232 |   HAL_ADC_Start_DMA(&hadc1, myVar, 3);
      |                             ^~~~~
      |                             |
      |                             volatile uint16_t * {aka volatile short unsigned int *}
In file included from ../Core/Inc/stm32l4xx_hal_conf.h:277,
                 from ../Drivers/STM32L4xx_HAL_Driver/Inc/stm32l4xx_hal.h:30,
                 from ../Core/Inc/main.h:31,
                 from ../Core/Src/main.c:21:
../Drivers/STM32L4xx_HAL_Driver/Inc/stm32l4xx_hal_adc.h:1753:78: note: expected 'uint32_t *' {aka 'long unsigned int *'} but argument is of type 'volatile uint16_t *' {aka 'volatile short unsigned int *'}
 1753 | HAL_StatusTypeDef       HAL_ADC_Start_DMA(ADC_HandleTypeDef *hadc, uint32_t *pData, uint32_t Length);
      |                                                                    ~~~~~~~~~~^~~~~
arm-none-eabi-gcc -o "Assignment3V3.elf" @"objects.list"   -mcpu=cortex-m4 -T"C:\Users\yodav\Documents\Conestoga_College\FIRST_TERM\Embedded_Programming\Assignments\Assignment3\Stm32-TemperatureSensor\Assignment3V3\STM32L432KCUX_FLASH.ld" --specs=nosys.specs -Wl,-Map="Assignment3V3.map" -Wl,--gc-sections -static  -mfpu=fpv4-sp-d16 -mfloat-abi=hard -mthumb -Wl,--start-group -lc -lm -Wl,--end-group
Finished building target: Assignment3V3.elf
 
arm-none-eabi-objdump -h -S  Assignment3V3.elf  > "Assignment3V3.list"
arm-none-eabi-objcopy  -O binary  Assignment3V3.elf  "Assignment3V3.bin"
arm-none-eabi-size   Assignment3V3.elf 
   text	   data	    bss	    dec	    hex	filename
  53488	   2548	   2136	  58172	   e33c	Assignment3V3.elf
Finished building: default.size.stdout
 
Finished building: Assignment3V3.bin
 
Finished building: Assignment3V3.list
 
