21:01:55 **** Incremental Build of configuration Debug for project Assignment3V3 ****
make -j8 all 
arm-none-eabi-gcc "../Core/Src/main.c" -mcpu=cortex-m4 -std=gnu11 -g3 -DDEBUG -DUSE_HAL_DRIVER -DSTM32L432xx -c -I../Core/Inc -I../Drivers/STM32L4xx_HAL_Driver/Inc -I../Drivers/STM32L4xx_HAL_Driver/Inc/Legacy -I../Drivers/CMSIS/Device/ST/STM32L4xx/Include -I../Drivers/CMSIS/Include -O0 -ffunction-sections -fdata-sections -Wall -fstack-usage -MMD -MP -MF"Core/Src/main.d" -MT"Core/Src/main.o"  -mfpu=fpv4-sp-d16 -mfloat-abi=hard -mthumb -o "Core/Src/main.o"
../Core/Src/main.c:57:30: warning: initialization of 'uint16_t *' {aka 'short unsigned int *'} from 'int' makes pointer from integer without a cast [-Wint-conversion]
   57 | uint16_t *calibValue30_ptr = 0x1FFF75A8;
      |                              ^~~~~~~~~~
../Core/Src/main.c:58:31: warning: initialization of 'uint16_t *' {aka 'short unsigned int *'} from 'int' makes pointer from integer without a cast [-Wint-conversion]
   58 | uint16_t *calibValue130_ptr = 0x1FFF75CA;
      |                               ^~~~~~~~~~
../Core/Src/main.c: In function 'main':
../Core/Src/main.c:124:29: warning: passing argument 2 of 'HAL_ADC_Start_DMA' from incompatible pointer type [-Wincompatible-pointer-types]
  124 |   HAL_ADC_Start_DMA(&hadc1, myVar, 3);
      |                             ^~~~~
      |                             |
      |                             volatile uint16_t * {aka volatile short unsigned int *}
In file included from ../Core/Inc/stm32l4xx_hal_conf.h:277,
                 from ../Drivers/STM32L4xx_HAL_Driver/Inc/stm32l4xx_hal.h:30,
                 from ../Core/Inc/main.h:31,
                 from ../Core/Src/main.c:21:
../Drivers/STM32L4xx_HAL_Driver/Inc/stm32l4xx_hal_adc.h:1753:78: note: expected 'uint32_t *' {aka 'long unsigned int *'} but argument is of type 'volatile uint16_t *' {aka 'volatile short unsigned int *'}
 1753 | HAL_StatusTypeDef       HAL_ADC_Start_DMA(ADC_HandleTypeDef *hadc, uint32_t *pData, uint32_t Length);
      |                                                                    ~~~~~~~~~~^~~~~
arm-none-eabi-gcc -o "Assignment3V3.elf" @"objects.list"   -mcpu=cortex-m4 -T"C:\Users\yodav\Documents\Conestoga_College\FIRST_TERM\Embedded_Programming\Assignments\Assignment3\Stm32-TemperatureSensor\Assignment3V3\STM32L432KCUX_FLASH.ld" --specs=nosys.specs -Wl,-Map="Assignment3V3.map" -Wl,--gc-sections -static  -mfpu=fpv4-sp-d16 -mfloat-abi=hard -mthumb -Wl,--start-group -lc -lm -Wl,--end-group
Finished building target: Assignment3V3.elf
 
arm-none-eabi-objdump -h -S  Assignment3V3.elf  > "Assignment3V3.list"
arm-none-eabi-objcopy  -O binary  Assignment3V3.elf  "Assignment3V3.bin"
arm-none-eabi-size   Assignment3V3.elf 
   text	   data	    bss	    dec	    hex	filename
  45180	   2516	   2040	  49736	   c248	Assignment3V3.elf
Finished building: default.size.stdout
 
Finished building: Assignment3V3.bin
 
Finished building: Assignment3V3.list
 
21:02:38 **** Incremental Build of configuration Debug for project Assignment3V3 ****
make -j8 all 
arm-none-eabi-gcc "../Core/Src/main.c" -mcpu=cortex-m4 -std=gnu11 -g3 -DDEBUG -DUSE_HAL_DRIVER -DSTM32L432xx -c -I../Core/Inc -I../Drivers/STM32L4xx_HAL_Driver/Inc -I../Drivers/STM32L4xx_HAL_Driver/Inc/Legacy -I../Drivers/CMSIS/Device/ST/STM32L4xx/Include -I../Drivers/CMSIS/Include -O0 -ffunction-sections -fdata-sections -Wall -fstack-usage -MMD -MP -MF"Core/Src/main.d" -MT"Core/Src/main.o"  -mfpu=fpv4-sp-d16 -mfloat-abi=hard -mthumb -o "Core/Src/main.o"
../Core/Src/main.c:57:30: warning: initialization of 'uint16_t *' {aka 'short unsigned int *'} from 'int' makes pointer from integer without a cast [-Wint-conversion]
   57 | uint16_t *calibValue30_ptr = 0x1FFF75A8;
      |                              ^~~~~~~~~~
../Core/Src/main.c:58:31: warning: initialization of 'uint16_t *' {aka 'short unsigned int *'} from 'int' makes pointer from integer without a cast [-Wint-conversion]
   58 | uint16_t *calibValue130_ptr = 0x1FFF75CA;
      |                               ^~~~~~~~~~
../Core/Src/main.c: In function 'main':
../Core/Src/main.c:125:29: warning: passing argument 2 of 'HAL_ADC_Start_DMA' from incompatible pointer type [-Wincompatible-pointer-types]
  125 |   HAL_ADC_Start_DMA(&hadc1, myVar, 3);
      |                             ^~~~~
      |                             |
      |                             volatile uint16_t * {aka volatile short unsigned int *}
In file included from ../Core/Inc/stm32l4xx_hal_conf.h:277,
                 from ../Drivers/STM32L4xx_HAL_Driver/Inc/stm32l4xx_hal.h:30,
                 from ../Core/Inc/main.h:31,
                 from ../Core/Src/main.c:21:
../Drivers/STM32L4xx_HAL_Driver/Inc/stm32l4xx_hal_adc.h:1753:78: note: expected 'uint32_t *' {aka 'long unsigned int *'} but argument is of type 'volatile uint16_t *' {aka 'volatile short unsigned int *'}
 1753 | HAL_StatusTypeDef       HAL_ADC_Start_DMA(ADC_HandleTypeDef *hadc, uint32_t *pData, uint32_t Length);
      |                                                                    ~~~~~~~~~~^~~~~
arm-none-eabi-gcc -o "Assignment3V3.elf" @"objects.list"   -mcpu=cortex-m4 -T"C:\Users\yodav\Documents\Conestoga_College\FIRST_TERM\Embedded_Programming\Assignments\Assignment3\Stm32-TemperatureSensor\Assignment3V3\STM32L432KCUX_FLASH.ld" --specs=nosys.specs -Wl,-Map="Assignment3V3.map" -Wl,--gc-sections -static  -mfpu=fpv4-sp-d16 -mfloat-abi=hard -mthumb -Wl,--start-group -lc -lm -Wl,--end-group
Finished building target: Assignment3V3.elf
 
arm-none-eabi-objdump -h -S  Assignment3V3.elf  > "Assignment3V3.list"
arm-none-eabi-objcopy  -O binary  Assignment3V3.elf  "Assignment3V3.bin"
arm-none-eabi-size   Assignment3V3.elf 
   text	   data	    bss	    dec	    hex	filename
  45180	   2516	   2040	  49736	   c248	Assignment3V3.elf
Finished building: default.size.stdout
 
Finished building: Assignment3V3.bin
 
Finished building: Assignment3V3.list
 
21:03:59 **** Incremental Build of configuration Debug for project Assignment3V3 ****
make -j8 all 
arm-none-eabi-gcc "../Core/Src/main.c" -mcpu=cortex-m4 -std=gnu11 -g3 -DDEBUG -DUSE_HAL_DRIVER -DSTM32L432xx -c -I../Core/Inc -I../Drivers/STM32L4xx_HAL_Driver/Inc -I../Drivers/STM32L4xx_HAL_Driver/Inc/Legacy -I../Drivers/CMSIS/Device/ST/STM32L4xx/Include -I../Drivers/CMSIS/Include -O0 -ffunction-sections -fdata-sections -Wall -fstack-usage -MMD -MP -MF"Core/Src/main.d" -MT"Core/Src/main.o"  -mfpu=fpv4-sp-d16 -mfloat-abi=hard -mthumb -o "Core/Src/main.o"
../Core/Src/main.c:57:30: warning: initialization of 'uint16_t *' {aka 'short unsigned int *'} from 'int' makes pointer from integer without a cast [-Wint-conversion]
   57 | uint16_t *calibValue30_ptr = 0x1FFF75A8;
      |                              ^~~~~~~~~~
../Core/Src/main.c:58:31: warning: initialization of 'uint16_t *' {aka 'short unsigned int *'} from 'int' makes pointer from integer without a cast [-Wint-conversion]
   58 | uint16_t *calibValue130_ptr = 0x1FFF75CA;
      |                               ^~~~~~~~~~
../Core/Src/main.c: In function 'main':
../Core/Src/main.c:125:29: warning: passing argument 2 of 'HAL_ADC_Start_DMA' from incompatible pointer type [-Wincompatible-pointer-types]
  125 |   HAL_ADC_Start_DMA(&hadc1, myVar, 3);
      |                             ^~~~~
      |                             |
      |                             volatile uint16_t * {aka volatile short unsigned int *}
In file included from ../Core/Inc/stm32l4xx_hal_conf.h:277,
                 from ../Drivers/STM32L4xx_HAL_Driver/Inc/stm32l4xx_hal.h:30,
                 from ../Core/Inc/main.h:31,
                 from ../Core/Src/main.c:21:
../Drivers/STM32L4xx_HAL_Driver/Inc/stm32l4xx_hal_adc.h:1753:78: note: expected 'uint32_t *' {aka 'long unsigned int *'} but argument is of type 'volatile uint16_t *' {aka 'volatile short unsigned int *'}
 1753 | HAL_StatusTypeDef       HAL_ADC_Start_DMA(ADC_HandleTypeDef *hadc, uint32_t *pData, uint32_t Length);
      |                                                                    ~~~~~~~~~~^~~~~
arm-none-eabi-gcc -o "Assignment3V3.elf" @"objects.list"   -mcpu=cortex-m4 -T"C:\Users\yodav\Documents\Conestoga_College\FIRST_TERM\Embedded_Programming\Assignments\Assignment3\Stm32-TemperatureSensor\Assignment3V3\STM32L432KCUX_FLASH.ld" --specs=nosys.specs -Wl,-Map="Assignment3V3.map" -Wl,--gc-sections -static  -mfpu=fpv4-sp-d16 -mfloat-abi=hard -mthumb -Wl,--start-group -lc -lm -Wl,--end-group
Finished building target: Assignment3V3.elf
 
arm-none-eabi-objdump -h -S  Assignment3V3.elf  > "Assignment3V3.list"
arm-none-eabi-objcopy  -O binary  Assignment3V3.elf  "Assignment3V3.bin"
arm-none-eabi-size   Assignment3V3.elf 
   text	   data	    bss	    dec	    hex	filename
  45244	   2516	   2040	  49800	   c288	Assignment3V3.elf
Finished building: default.size.stdout
Finished building: Assignment3V3.bin
 
 
Finished building: Assignment3V3.list
 
21:05:05 **** Incremental Build of configuration Debug for project Assignment3V3 ****
make -j8 all 
arm-none-eabi-gcc "../Core/Src/main.c" -mcpu=cortex-m4 -std=gnu11 -g3 -DDEBUG -DUSE_HAL_DRIVER -DSTM32L432xx -c -I../Core/Inc -I../Drivers/STM32L4xx_HAL_Driver/Inc -I../Drivers/STM32L4xx_HAL_Driver/Inc/Legacy -I../Drivers/CMSIS/Device/ST/STM32L4xx/Include -I../Drivers/CMSIS/Include -O0 -ffunction-sections -fdata-sections -Wall -fstack-usage -MMD -MP -MF"Core/Src/main.d" -MT"Core/Src/main.o"  -mfpu=fpv4-sp-d16 -mfloat-abi=hard -mthumb -o "Core/Src/main.o"
../Core/Src/main.c:57:30: warning: initialization of 'uint16_t *' {aka 'short unsigned int *'} from 'int' makes pointer from integer without a cast [-Wint-conversion]
   57 | uint16_t *calibValue30_ptr = 0x1FFF75A8;
      |                              ^~~~~~~~~~
../Core/Src/main.c:58:31: warning: initialization of 'uint16_t *' {aka 'short unsigned int *'} from 'int' makes pointer from integer without a cast [-Wint-conversion]
   58 | uint16_t *calibValue130_ptr = 0x1FFF75CA;
      |                               ^~~~~~~~~~
../Core/Src/main.c: In function 'main':
../Core/Src/main.c:125:29: warning: passing argument 2 of 'HAL_ADC_Start_DMA' from incompatible pointer type [-Wincompatible-pointer-types]
  125 |   HAL_ADC_Start_DMA(&hadc1, myVar, 3);
      |                             ^~~~~
      |                             |
      |                             volatile uint16_t * {aka volatile short unsigned int *}
In file included from ../Core/Inc/stm32l4xx_hal_conf.h:277,
                 from ../Drivers/STM32L4xx_HAL_Driver/Inc/stm32l4xx_hal.h:30,
                 from ../Core/Inc/main.h:31,
                 from ../Core/Src/main.c:21:
../Drivers/STM32L4xx_HAL_Driver/Inc/stm32l4xx_hal_adc.h:1753:78: note: expected 'uint32_t *' {aka 'long unsigned int *'} but argument is of type 'volatile uint16_t *' {aka 'volatile short unsigned int *'}
 1753 | HAL_StatusTypeDef       HAL_ADC_Start_DMA(ADC_HandleTypeDef *hadc, uint32_t *pData, uint32_t Length);
      |                                                                    ~~~~~~~~~~^~~~~
arm-none-eabi-gcc -o "Assignment3V3.elf" @"objects.list"   -mcpu=cortex-m4 -T"C:\Users\yodav\Documents\Conestoga_College\FIRST_TERM\Embedded_Programming\Assignments\Assignment3\Stm32-TemperatureSensor\Assignment3V3\STM32L432KCUX_FLASH.ld" --specs=nosys.specs -Wl,-Map="Assignment3V3.map" -Wl,--gc-sections -static  -mfpu=fpv4-sp-d16 -mfloat-abi=hard -mthumb -Wl,--start-group -lc -lm -Wl,--end-group
Finished building target: Assignment3V3.elf
 
arm-none-eabi-objdump -h -S  Assignment3V3.elf  > "Assignment3V3.list"
arm-none-eabi-objcopy  -O binary  Assignment3V3.elf  "Assignment3V3.bin"
arm-none-eabi-size   Assignment3V3.elf 
   text	   data	    bss	    dec	    hex	filename
  45260	   2516	   2040	  49816	   c298	Assignment3V3.elf
Finished building: default.size.stdout
Finished building: Assignment3V3.bin
 
 
Finished building: Assignment3V3.list
 
21:06:35 **** Incremental Build of configuration Debug for project Assignment3V3 ****
make -j8 all 
arm-none-eabi-gcc "../Core/Src/main.c" -mcpu=cortex-m4 -std=gnu11 -g3 -DDEBUG -DUSE_HAL_DRIVER -DSTM32L432xx -c -I../Core/Inc -I../Drivers/STM32L4xx_HAL_Driver/Inc -I../Drivers/STM32L4xx_HAL_Driver/Inc/Legacy -I../Drivers/CMSIS/Device/ST/STM32L4xx/Include -I../Drivers/CMSIS/Include -O0 -ffunction-sections -fdata-sections -Wall -fstack-usage -MMD -MP -MF"Core/Src/main.d" -MT"Core/Src/main.o"  -mfpu=fpv4-sp-d16 -mfloat-abi=hard -mthumb -o "Core/Src/main.o"
../Core/Src/main.c:57:30: warning: initialization of 'uint16_t *' {aka 'short unsigned int *'} from 'int' makes pointer from integer without a cast [-Wint-conversion]
   57 | uint16_t *calibValue30_ptr = 0x1FFF75A8;
      |                              ^~~~~~~~~~
../Core/Src/main.c:58:31: warning: initialization of 'uint16_t *' {aka 'short unsigned int *'} from 'int' makes pointer from integer without a cast [-Wint-conversion]
   58 | uint16_t *calibValue130_ptr = 0x1FFF75CA;
      |                               ^~~~~~~~~~
../Core/Src/main.c: In function 'main':
../Core/Src/main.c:125:29: warning: passing argument 2 of 'HAL_ADC_Start_DMA' from incompatible pointer type [-Wincompatible-pointer-types]
  125 |   HAL_ADC_Start_DMA(&hadc1, myVar, 3);
      |                             ^~~~~
      |                             |
      |                             volatile uint16_t * {aka volatile short unsigned int *}
In file included from ../Core/Inc/stm32l4xx_hal_conf.h:277,
                 from ../Drivers/STM32L4xx_HAL_Driver/Inc/stm32l4xx_hal.h:30,
                 from ../Core/Inc/main.h:31,
                 from ../Core/Src/main.c:21:
../Drivers/STM32L4xx_HAL_Driver/Inc/stm32l4xx_hal_adc.h:1753:78: note: expected 'uint32_t *' {aka 'long unsigned int *'} but argument is of type 'volatile uint16_t *' {aka 'volatile short unsigned int *'}
 1753 | HAL_StatusTypeDef       HAL_ADC_Start_DMA(ADC_HandleTypeDef *hadc, uint32_t *pData, uint32_t Length);
      |                                                                    ~~~~~~~~~~^~~~~
arm-none-eabi-gcc -o "Assignment3V3.elf" @"objects.list"   -mcpu=cortex-m4 -T"C:\Users\yodav\Documents\Conestoga_College\FIRST_TERM\Embedded_Programming\Assignments\Assignment3\Stm32-TemperatureSensor\Assignment3V3\STM32L432KCUX_FLASH.ld" --specs=nosys.specs -Wl,-Map="Assignment3V3.map" -Wl,--gc-sections -static  -mfpu=fpv4-sp-d16 -mfloat-abi=hard -mthumb -Wl,--start-group -lc -lm -Wl,--end-group
Finished building target: Assignment3V3.elf
 
arm-none-eabi-objdump -h -S  Assignment3V3.elf  > "Assignment3V3.list"
arm-none-eabi-objcopy  -O binary  Assignment3V3.elf  "Assignment3V3.bin"
arm-none-eabi-size   Assignment3V3.elf 
   text	   data	    bss	    dec	    hex	filename
  45316	   2516	   2040	  49872	   c2d0	Assignment3V3.elf
Finished building: default.size.stdout
Finished building: Assignment3V3.bin
 
 
Finished building: Assignment3V3.list
 
21:09:27 **** Incremental Build of configuration Debug for project Assignment3V3 ****
make -j8 all 
arm-none-eabi-gcc "../Core/Src/main.c" -mcpu=cortex-m4 -std=gnu11 -g3 -DDEBUG -DUSE_HAL_DRIVER -DSTM32L432xx -c -I../Core/Inc -I../Drivers/STM32L4xx_HAL_Driver/Inc -I../Drivers/STM32L4xx_HAL_Driver/Inc/Legacy -I../Drivers/CMSIS/Device/ST/STM32L4xx/Include -I../Drivers/CMSIS/Include -O0 -ffunction-sections -fdata-sections -Wall -fstack-usage -MMD -MP -MF"Core/Src/main.d" -MT"Core/Src/main.o"  -mfpu=fpv4-sp-d16 -mfloat-abi=hard -mthumb -o "Core/Src/main.o"
../Core/Src/main.c:57:30: warning: initialization of 'uint16_t *' {aka 'short unsigned int *'} from 'int' makes pointer from integer without a cast [-Wint-conversion]
   57 | uint16_t *calibValue30_ptr = 0x1FFF75A8;
      |                              ^~~~~~~~~~
../Core/Src/main.c:58:31: warning: initialization of 'uint16_t *' {aka 'short unsigned int *'} from 'int' makes pointer from integer without a cast [-Wint-conversion]
   58 | uint16_t *calibValue130_ptr = 0x1FFF75CA;
      |                               ^~~~~~~~~~
../Core/Src/main.c: In function 'main':
../Core/Src/main.c:125:29: warning: passing argument 2 of 'HAL_ADC_Start_DMA' from incompatible pointer type [-Wincompatible-pointer-types]
  125 |   HAL_ADC_Start_DMA(&hadc1, myVar, 3);
      |                             ^~~~~
      |                             |
      |                             volatile uint16_t * {aka volatile short unsigned int *}
In file included from ../Core/Inc/stm32l4xx_hal_conf.h:277,
                 from ../Drivers/STM32L4xx_HAL_Driver/Inc/stm32l4xx_hal.h:30,
                 from ../Core/Inc/main.h:31,
                 from ../Core/Src/main.c:21:
../Drivers/STM32L4xx_HAL_Driver/Inc/stm32l4xx_hal_adc.h:1753:78: note: expected 'uint32_t *' {aka 'long unsigned int *'} but argument is of type 'volatile uint16_t *' {aka 'volatile short unsigned int *'}
 1753 | HAL_StatusTypeDef       HAL_ADC_Start_DMA(ADC_HandleTypeDef *hadc, uint32_t *pData, uint32_t Length);
      |                                                                    ~~~~~~~~~~^~~~~
arm-none-eabi-gcc -o "Assignment3V3.elf" @"objects.list"   -mcpu=cortex-m4 -T"C:\Users\yodav\Documents\Conestoga_College\FIRST_TERM\Embedded_Programming\Assignments\Assignment3\Stm32-TemperatureSensor\Assignment3V3\STM32L432KCUX_FLASH.ld" --specs=nosys.specs -Wl,-Map="Assignment3V3.map" -Wl,--gc-sections -static  -mfpu=fpv4-sp-d16 -mfloat-abi=hard -mthumb -Wl,--start-group -lc -lm -Wl,--end-group
Finished building target: Assignment3V3.elf
 
arm-none-eabi-objdump -h -S  Assignment3V3.elf  > "Assignment3V3.list"
arm-none-eabi-objcopy  -O binary  Assignment3V3.elf  "Assignment3V3.bin"
arm-none-eabi-size   Assignment3V3.elf 
   text	   data	    bss	    dec	    hex	filename
  45316	   2516	   2040	  49872	   c2d0	Assignment3V3.elf
Finished building: default.size.stdout
Finished building: Assignment3V3.bin
 
 
Finished building: Assignment3V3.list
 
21:25:22 **** Incremental Build of configuration Debug for project Assignment3V3 ****
make -j8 all 
arm-none-eabi-gcc "../Core/Src/main.c" -mcpu=cortex-m4 -std=gnu11 -g3 -DDEBUG -DUSE_HAL_DRIVER -DSTM32L432xx -c -I../Core/Inc -I../Drivers/STM32L4xx_HAL_Driver/Inc -I../Drivers/STM32L4xx_HAL_Driver/Inc/Legacy -I../Drivers/CMSIS/Device/ST/STM32L4xx/Include -I../Drivers/CMSIS/Include -O0 -ffunction-sections -fdata-sections -Wall -fstack-usage -MMD -MP -MF"Core/Src/main.d" -MT"Core/Src/main.o"  -mfpu=fpv4-sp-d16 -mfloat-abi=hard -mthumb -o "Core/Src/main.o"
../Core/Src/main.c:57:30: warning: initialization of 'uint16_t *' {aka 'short unsigned int *'} from 'int' makes pointer from integer without a cast [-Wint-conversion]
   57 | uint16_t *calibValue30_ptr = 0x1FFF75A8;
      |                              ^~~~~~~~~~
../Core/Src/main.c:58:31: warning: initialization of 'uint16_t *' {aka 'short unsigned int *'} from 'int' makes pointer from integer without a cast [-Wint-conversion]
   58 | uint16_t *calibValue130_ptr = 0x1FFF75CA;
      |                               ^~~~~~~~~~
../Core/Src/main.c: In function 'main':
../Core/Src/main.c:128:29: warning: passing argument 2 of 'HAL_ADC_Start_DMA' from incompatible pointer type [-Wincompatible-pointer-types]
  128 |   HAL_ADC_Start_DMA(&hadc1, myVar, 3);
      |                             ^~~~~
      |                             |
      |                             volatile uint16_t * {aka volatile short unsigned int *}
In file included from ../Core/Inc/stm32l4xx_hal_conf.h:277,
                 from ../Drivers/STM32L4xx_HAL_Driver/Inc/stm32l4xx_hal.h:30,
                 from ../Core/Inc/main.h:31,
                 from ../Core/Src/main.c:21:
../Drivers/STM32L4xx_HAL_Driver/Inc/stm32l4xx_hal_adc.h:1753:78: note: expected 'uint32_t *' {aka 'long unsigned int *'} but argument is of type 'volatile uint16_t *' {aka 'volatile short unsigned int *'}
 1753 | HAL_StatusTypeDef       HAL_ADC_Start_DMA(ADC_HandleTypeDef *hadc, uint32_t *pData, uint32_t Length);
      |                                                                    ~~~~~~~~~~^~~~~
arm-none-eabi-gcc -o "Assignment3V3.elf" @"objects.list"   -mcpu=cortex-m4 -T"C:\Users\yodav\Documents\Conestoga_College\FIRST_TERM\Embedded_Programming\Assignments\Assignment3\Stm32-TemperatureSensor\Assignment3V3\STM32L432KCUX_FLASH.ld" --specs=nosys.specs -Wl,-Map="Assignment3V3.map" -Wl,--gc-sections -static  -mfpu=fpv4-sp-d16 -mfloat-abi=hard -mthumb -Wl,--start-group -lc -lm -Wl,--end-group
Finished building target: Assignment3V3.elf
 
arm-none-eabi-objdump -h -S  Assignment3V3.elf  > "Assignment3V3.list"
arm-none-eabi-objcopy  -O binary  Assignment3V3.elf  "Assignment3V3.bin"
arm-none-eabi-size   Assignment3V3.elf 
   text	   data	    bss	    dec	    hex	filename
  45420	   2516	   2048	  49984	   c340	Assignment3V3.elf
Finished building: default.size.stdout
Finished building: Assignment3V3.bin
 
 
Finished building: Assignment3V3.list
 
21:25:56 **** Incremental Build of configuration Debug for project Assignment3V3 ****
make -j8 all 
arm-none-eabi-gcc "../Core/Src/main.c" -mcpu=cortex-m4 -std=gnu11 -g3 -DDEBUG -DUSE_HAL_DRIVER -DSTM32L432xx -c -I../Core/Inc -I../Drivers/STM32L4xx_HAL_Driver/Inc -I../Drivers/STM32L4xx_HAL_Driver/Inc/Legacy -I../Drivers/CMSIS/Device/ST/STM32L4xx/Include -I../Drivers/CMSIS/Include -O0 -ffunction-sections -fdata-sections -Wall -fstack-usage -MMD -MP -MF"Core/Src/main.d" -MT"Core/Src/main.o"  -mfpu=fpv4-sp-d16 -mfloat-abi=hard -mthumb -o "Core/Src/main.o"
../Core/Src/main.c:57:30: warning: initialization of 'uint16_t *' {aka 'short unsigned int *'} from 'int' makes pointer from integer without a cast [-Wint-conversion]
   57 | uint16_t *calibValue30_ptr = 0x1FFF75A8;
      |                              ^~~~~~~~~~
../Core/Src/main.c:58:31: warning: initialization of 'uint16_t *' {aka 'short unsigned int *'} from 'int' makes pointer from integer without a cast [-Wint-conversion]
   58 | uint16_t *calibValue130_ptr = 0x1FFF75CA;
      |                               ^~~~~~~~~~
../Core/Src/main.c: In function 'main':
../Core/Src/main.c:128:29: warning: passing argument 2 of 'HAL_ADC_Start_DMA' from incompatible pointer type [-Wincompatible-pointer-types]
  128 |   HAL_ADC_Start_DMA(&hadc1, myVar, 3);
      |                             ^~~~~
      |                             |
      |                             volatile uint16_t * {aka volatile short unsigned int *}
In file included from ../Core/Inc/stm32l4xx_hal_conf.h:277,
                 from ../Drivers/STM32L4xx_HAL_Driver/Inc/stm32l4xx_hal.h:30,
                 from ../Core/Inc/main.h:31,
                 from ../Core/Src/main.c:21:
../Drivers/STM32L4xx_HAL_Driver/Inc/stm32l4xx_hal_adc.h:1753:78: note: expected 'uint32_t *' {aka 'long unsigned int *'} but argument is of type 'volatile uint16_t *' {aka 'volatile short unsigned int *'}
 1753 | HAL_StatusTypeDef       HAL_ADC_Start_DMA(ADC_HandleTypeDef *hadc, uint32_t *pData, uint32_t Length);
      |                                                                    ~~~~~~~~~~^~~~~
arm-none-eabi-gcc -o "Assignment3V3.elf" @"objects.list"   -mcpu=cortex-m4 -T"C:\Users\yodav\Documents\Conestoga_College\FIRST_TERM\Embedded_Programming\Assignments\Assignment3\Stm32-TemperatureSensor\Assignment3V3\STM32L432KCUX_FLASH.ld" --specs=nosys.specs -Wl,-Map="Assignment3V3.map" -Wl,--gc-sections -static  -mfpu=fpv4-sp-d16 -mfloat-abi=hard -mthumb -Wl,--start-group -lc -lm -Wl,--end-group
Finished building target: Assignment3V3.elf
 
arm-none-eabi-objdump -h -S  Assignment3V3.elf  > "Assignment3V3.list"
arm-none-eabi-objcopy  -O binary  Assignment3V3.elf  "Assignment3V3.bin"
arm-none-eabi-size   Assignment3V3.elf 
   text	   data	    bss	    dec	    hex	filename
  45444	   2516	   2048	  50008	   c358	Assignment3V3.elf
Finished building: default.size.stdout
 
Finished building: Assignment3V3.bin
 
Finished building: Assignment3V3.list
 
21:26:21 **** Incremental Build of configuration Debug for project Assignment3V3 ****
make -j8 all 
arm-none-eabi-size   Assignment3V3.elf 
   text	   data	    bss	    dec	    hex	filename
  45444	   2516	   2048	  50008	   c358	Assignment3V3.elf
Finished building: default.size.stdout
 
21:26:37 **** Incremental Build of configuration Debug for project Assignment3V3 ****
make -j8 all 
arm-none-eabi-gcc "../Core/Src/main.c" -mcpu=cortex-m4 -std=gnu11 -g3 -DDEBUG -DUSE_HAL_DRIVER -DSTM32L432xx -c -I../Core/Inc -I../Drivers/STM32L4xx_HAL_Driver/Inc -I../Drivers/STM32L4xx_HAL_Driver/Inc/Legacy -I../Drivers/CMSIS/Device/ST/STM32L4xx/Include -I../Drivers/CMSIS/Include -O0 -ffunction-sections -fdata-sections -Wall -fstack-usage -MMD -MP -MF"Core/Src/main.d" -MT"Core/Src/main.o"  -mfpu=fpv4-sp-d16 -mfloat-abi=hard -mthumb -o "Core/Src/main.o"
../Core/Src/main.c:57:30: warning: initialization of 'uint16_t *' {aka 'short unsigned int *'} from 'int' makes pointer from integer without a cast [-Wint-conversion]
   57 | uint16_t *calibValue30_ptr = 0x1FFF75A8;
      |                              ^~~~~~~~~~
../Core/Src/main.c:58:31: warning: initialization of 'uint16_t *' {aka 'short unsigned int *'} from 'int' makes pointer from integer without a cast [-Wint-conversion]
   58 | uint16_t *calibValue130_ptr = 0x1FFF75CA;
      |                               ^~~~~~~~~~
../Core/Src/main.c: In function 'main':
../Core/Src/main.c:128:29: warning: passing argument 2 of 'HAL_ADC_Start_DMA' from incompatible pointer type [-Wincompatible-pointer-types]
  128 |   HAL_ADC_Start_DMA(&hadc1, myVar, 3);
      |                             ^~~~~
      |                             |
      |                             volatile uint16_t * {aka volatile short unsigned int *}
In file included from ../Core/Inc/stm32l4xx_hal_conf.h:277,
                 from ../Drivers/STM32L4xx_HAL_Driver/Inc/stm32l4xx_hal.h:30,
                 from ../Core/Inc/main.h:31,
                 from ../Core/Src/main.c:21:
../Drivers/STM32L4xx_HAL_Driver/Inc/stm32l4xx_hal_adc.h:1753:78: note: expected 'uint32_t *' {aka 'long unsigned int *'} but argument is of type 'volatile uint16_t *' {aka 'volatile short unsigned int *'}
 1753 | HAL_StatusTypeDef       HAL_ADC_Start_DMA(ADC_HandleTypeDef *hadc, uint32_t *pData, uint32_t Length);
      |                                                                    ~~~~~~~~~~^~~~~
arm-none-eabi-gcc -o "Assignment3V3.elf" @"objects.list"   -mcpu=cortex-m4 -T"C:\Users\yodav\Documents\Conestoga_College\FIRST_TERM\Embedded_Programming\Assignments\Assignment3\Stm32-TemperatureSensor\Assignment3V3\STM32L432KCUX_FLASH.ld" --specs=nosys.specs -Wl,-Map="Assignment3V3.map" -Wl,--gc-sections -static  -mfpu=fpv4-sp-d16 -mfloat-abi=hard -mthumb -Wl,--start-group -lc -lm -Wl,--end-group
Finished building target: Assignment3V3.elf
 
arm-none-eabi-objdump -h -S  Assignment3V3.elf  > "Assignment3V3.list"
arm-none-eabi-objcopy  -O binary  Assignment3V3.elf  "Assignment3V3.bin"
arm-none-eabi-size   Assignment3V3.elf 
   text	   data	    bss	    dec	    hex	filename
  45316	   2516	   2048	  49880	   c2d8	Assignment3V3.elf
Finished building: default.size.stdout
 
Finished building: Assignment3V3.bin
 
Finished building: Assignment3V3.list
 
